// Jest Snapshot v1, https://goo.gl/fbAQLP

exports[`App hosuld render correctly 1`] = `
<View
  style={
    Array [
      Object {
        "backgroundColor": "blue",
        "flexBasis": 0,
        "flexGrow": 1,
        "flexShrink": 1,
      },
    ]
  }
/>
`;
